// Jest Snapshot v1, https://goo.gl/fbAQLP

exports[`should render ExpenseListItem with an expense 1`] = `
<div>
  <[object Object]
    to="edit/2"
  >
    <h3>
      Rent
    </h3>
  </[object Object]>
  <p>
    Â£1,095.00
    -
    28th December 1969
  </p>
</div>
`;
